../Core/Src/main.c:31:6:DMA1_Stream7_IRQ	4	static,ignoring_inline_asm
../Core/Src/main.c:41:5:main	8	static
../Core/Src/main.c:75:6:GPIO_config	4	static
../Core/Src/main.c:92:6:delay	16	static
../Core/Src/main.c:97:6:UART_Init	4	static
../Core/Src/main.c:110:6:DMA_Config	24	static
../Core/Src/main.c:122:6:UART_Send_Data	24	static
../Core/Src/main.c:134:6:LedRedControllerTask	16	static
../Core/Src/main.c:141:6:LedOrangeControllerTask	16	static
../Core/Src/main.c:151:6:vApplicationMallocFailedHook	4	static
../Core/Src/main.c:155:6:vApplicationStackOverflowHook	16	static
