../Core/Src/main.c:90:6:UART_Reveice_Interrupt_Handler	4	static
../Core/Src/main.c:95:6:UART_DMA_Init	4	static
../Core/Src/main.c:103:6:DMA_1C7_Handler	4	static,ignoring_inline_asm
../Core/Src/main.c:108:6:SM303_IC2_read	16	static
../Core/Src/main.c:119:6:Tim1_Init	40	static
../Core/Src/main.c:154:6:Timer5_capture	40	static
../Core/Src/main.c:185:6:SM303_IC2_read1	16	static
../Core/Src/main.c:195:10:read_CCR1_Tim4	16	static
../Core/Src/main.c:202:7:TIM1_UP_TIM10_IRQHandler	4	static
../Core/Src/main.c:218:5:main	32	static
../Core/Src/main.c:347:6:SystemClock_Config	88	static
../Core/Src/main.c:394:13:MX_I2C1_Init	8	static
../Core/Src/main.c:428:13:MX_GPIO_Init	48	static
../Core/Src/main.c:467:6:StartDefaultTask	16	static
../Core/Src/main.c:482:6:Error_Handler	4	static,ignoring_inline_asm
